// Jest Snapshot v1, https://goo.gl/fbAQLP

exports[`components/Header renders as expected 1`] = `
<h1>
  Welcome to Sky Vegas!
</h1>
`;
